[themes.sapo.vn/demo/mendover-theme.html]
[backblue.gif]
[fade.gif]
[index.html]
[bizwebtheme.dktcdn.net/themes/2297/themestores/5727c713f4d2012482f1f346a5307434e33d.jpg]
[themes.sapo.vn/Themes/Portal/Default/Styles/dist/view-demo.min3293.css]
[themes.sapo.vn/Scripts/jquery-2.1.4.min.js]
[themes.sapo.vn/Content/bootstrap/js/bootstrap.min.js]
[themes.sapo.vn/Content/fancybox/jquery.fancybox.js]
[www.sapo.vn/Themes/Portal/Default/StylesV2/dist/popup-register-default.min.css]
[www.sapo.vn/Themes/Portal/Default/StylesV2/lib/selectize/selectize.min.js]
[www.sapo.vn/variable-trial.js]
[themes.sapo.vn/demo/store]
[themes.sapo.vn/demo/mendover-theme.html]
[themes.sapo.vn/Themes/Portal/Default/Styles/sass/fancybox_sprite.png]
[themes.sapo.vn/Themes/Portal/Default/Styles/sass/fancybox_loading.gif]
[themes.sapo.vn/Themes/Portal/Default/Styles/sass/blank.gif]
[themes.sapo.vn/Themes/Portal/Default/Styles/sass/fancybox_overlay.png]
[themes.sapo.vn/Themes/Portal/Default/Styles/sass/fancybox_sprite@2x.png]
[themes.sapo.vn/Themes/Portal/Default/Styles/sass/fancybox_loading@2x.gif]
[themes.sapo.vn/Themes/Portal/Default/Images/icon-back.png]
[themes.sapo.vn/Themes/Portal/Default/Styles/dist/view-demo.min3293.css]
[www.sapo.vn/Themes/Portal/Default/StylesV2/images/flags.png]
[www.sapo.vn/Themes/Portal/Default/StylesV2/images/bg-register.jpg]
[www.sapo.vn/Themes/Portal/Default/StylesV2/dist/popup-register-default.min.css]
[www.sapo.vn/Themes/Portal/Default/Scripts/dist/popup-trial.js]
[themes.sapo.vn/demo/store.html]
[themes.sapo.vn/Themes/Portal/Default/Styles/sass/fancybox_sprite.html]
[themes.sapo.vn/Themes/Portal/Default/Styles/sass/fancybox_loading.html]
[themes.sapo.vn/Themes/Portal/Default/Styles/sass/blank.html]
[themes.sapo.vn/Themes/Portal/Default/Styles/sass/fancybox_overlay.html]
[themes.sapo.vn/Themes/Portal/Default/Styles/sass/fancybox_sprite@2x.html]
[themes.sapo.vn/Themes/Portal/Default/Styles/sass/fancybox_loading@2x.html]
